1: 2026-05-26 08:36:00.00 Test log message
2: 2026-05-26 08:36:01.00 Another test log message
3: 2026-05-26 08:37:01.00 Yet another test log message
4: 2026-05-26 08:37:02.00 Again, another test log message
5: 2026-05-26 08:37:03.00 Log entry number 5
6: 2026-05-26 08:37:04.00 Log entry number 6
7: 2026-05-26 08:37:05.00 Log entry number 7
8: 2026-05-26 08:37:06.00 Log entry number 8
9: 2026-05-26 08:37:07.00 Log entry number 9
10: 2026-05-26 08:37:08.00 Log entry number 10
11: 2026-05-26 08:37:09.00 Log entry number 11
12: 2026-05-26 08:37:10.00 Log entry number 12
13: 2026-05-26 08:37:11.00 Log entry number 13
14: 2026-05-26 08:37:12.00 Log entry number 14
15: 2026-05-26 08:37:13.00 Log entry number 15
16: 2026-05-26 08:37:14.00 Log entry number 16
17: 2026-05-26 08:37:15.00 Log entry number 17
18: 2026-05-26 08:37:16.00 Log entry number 18
19: 2026-05-26 08:37:17.00 Log entry number 19
20: 2026-05-26 08:37:18.00 Log entry number 20
21: 2026-05-26 08:37:19.00 Log entry number 21
22: 2026-05-26 08:37:20.00 Log entry number 22
23: 2026-05-26 08:37:21.00 Log entry number 23
24: 2026-05-26 08:37:22.00 Log entry number 24
25: 2026-05-26 08:37:23.00 Log entry number 25
26: 2026-05-26 08:37:24.00 Log entry number 26
27: 2026-05-26 08:37:25.00 Log entry number 27
28: 2026-05-26 08:37:26.00 Log entry number 28
29: 2026-05-26 08:37:27.00 Log entry number 29
30: 2026-05-26 08:37:28.00 Log entry number 30
31: 2026-05-26 08:37:29.00 Log entry number 31
32: 2026-05-26 08:37:30.00 Log entry number 32
33: 2026-05-26 08:37:31.00 Log entry number 33
34: 2026-05-26 08:37:32.00 Log entry number 34
35: 2026-05-26 08:37:33.00 Log entry number 35
36: 2026-05-26 08:37:34.00 Log entry number 36
37: 2026-05-26 08:37:35.00 Log entry number 37
38: 2026-05-26 08:37:36.00 Log entry number 38
39: 2026-05-26 08:37:37.00 Log entry number 39
40: 2026-05-26 08:37:38.00 Log entry number 40
41: 2026-05-26 08:37:39.00 Log entry number 41
42: 2026-05-26 08:37:40.00 Log entry number 42
43: 2026-05-26 08:37:41.00 Log entry number 43
44: 2026-05-26 08:37:42.00 Log entry number 44
45: 2026-05-26 08:37:43.00 Log entry number 45
46: 2026-05-26 08:37:44.00 Log entry number 46
47: 2026-05-26 08:37:45.00 Log entry number 47
48: 2026-05-26 08:37:46.00 Log entry number 48
49: 2026-05-26 08:37:47.00 Log entry number 49
50: 2026-05-26 08:37:48.00 Log entry number 50
51: 2026-05-26 08:37:49.00 Log entry number 51
52: 2026-05-26 08:37:50.00 Log entry number 52
53: 2026-05-26 08:37:51.00 Log entry number 53
54: 2026-05-26 08:37:52.00 Log entry number 54
55: 2026-05-26 08:37:53.00 Log entry number 55
56: 2026-05-26 08:37:54.00 Log entry number 56
57: 2026-05-26 08:37:55.00 Log entry number 57
58: 2026-05-26 08:37:56.00 Log entry number 58
59: 2026-05-26 08:37:57.00 Log entry number 59
60: 2026-05-26 08:37:58.00 Log entry number 60
61: 2026-05-26 08:37:59.00 Log entry number 61
62: 2026-05-26 08:38:00.00 Log entry number 62
63: 2026-05-26 08:38:01.00 Log entry number 63
64: 2026-05-26 08:38:02.00 Log entry number 64
65: 2026-05-26 08:38:03.00 Log entry number 65
66: 2026-05-26 08:38:04.00 Log entry number 66
67: 2026-05-26 08:38:05.00 Log entry number 67
68: 2026-05-26 08:38:06.00 Log entry number 68
69: 2026-05-26 08:38:07.00 Log entry number 69
70: 2026-05-26 08:38:08.00 Log entry number 70
71: 2026-05-26 08:38:09.00 Log entry number 71
72: 2026-05-26 08:38:10.00 Log entry number 72
73: 2026-05-26 08:38:11.00 Log entry number 73
74: 2026-05-26 08:38:12.00 Log entry number 74
75: 2026-05-26 08:38:13.00 Log entry number 75
76: 2026-05-26 08:38:14.00 Log entry number 76
77: 2026-05-26 08:38:15.00 Log entry number 77
78: 2026-05-26 08:38:16.00 Log entry number 78
79: 2026-05-26 08:38:17.00 Log entry number 79
80: 2026-05-26 08:38:18.00 Log entry number 80
81: 2026-05-26 08:38:19.00 Log entry number 81
82: 2026-05-26 08:38:20.00 Log entry number 82
83: 2026-05-26 08:38:21.00 Log entry number 83
84: 2026-05-26 08:38:22.00 Log entry number 84
85: 2026-05-26 08:38:23.00 Log entry number 85
86: 2026-05-26 08:38:24.00 Log entry number 86
87: 2026-05-26 08:38:25.00 Log entry number 87
88: 2026-05-26 08:38:26.00 Log entry number 88
89: 2026-05-26 08:38:27.00 Log entry number 89
90: 2026-05-26 08:38:28.00 Log entry number 90
91: 2026-05-26 08:38:29.00 Log entry number 91
92: 2026-05-26 08:38:30.00 Log entry number 92
93: 2026-05-26 08:38:31.00 Log entry number 93
94: 2026-05-26 08:38:32.00 Log entry number 94
95: 2026-05-26 08:38:33.00 Log entry number 95
96: 2026-05-26 08:38:34.00 Log entry number 96
97: 2026-05-26 08:38:35.00 Log entry number 97
98: 2026-05-26 08:38:36.00 Log entry number 98
99: 2026-05-26 08:38:37.00 Log entry number 99
100: 2026-05-26 08:38:38.00 Log entry number 100
101: 2026-05-26 08:38:39.00 Log entry number 101
102: 2026-05-26 08:38:40.00 Log entry number 102
103: 2026-05-26 08:38:41.00 Log entry number 103
104: 2026-05-26 08:38:42.00 Log entry number 104
105: 2026-05-26 08:38:43.00 Log entry number 105
106: 2026-05-26 08:38:44.00 Log entry number 106
107: 2026-05-26 08:38:45.00 Log entry number 107
108: 2026-05-26 08:38:46.00 Log entry number 108
109: 2026-05-26 08:38:47.00 Log entry number 109
110: 2026-05-26 08:38:48.00 Log entry number 110
111: 2026-05-26 08:38:49.00 Log entry number 111
112: 2026-05-26 08:38:50.00 Log entry number 112
113: 2026-05-26 08:38:51.00 Log entry number 113
114: 2026-05-26 08:38:52.00 Log entry number 114
115: 2026-05-26 08:38:53.00 Log entry number 115
116: 2026-05-26 08:38:54.00 Log entry number 116
117: 2026-05-26 08:38:55.00 Log entry number 117
118: 2026-05-26 08:38:56.00 Log entry number 118
119: 2026-05-26 08:38:57.00 Log entry number 119
120: 2026-05-26 08:38:58.00 Log entry number 120
121: 2026-05-26 08:38:59.00 Log entry number 121
122: 2026-05-26 08:39:00.00 Log entry number 122
123: 2026-05-26 08:39:01.00 Log entry number 123
124: 2026-05-26 08:39:02.00 Log entry number 124
125: 2026-05-26 08:39:03.00 Log entry number 125
126: 2026-05-26 08:39:04.00 Log entry number 126
127: 2026-05-26 08:39:05.00 Log entry number 127
128: 2026-05-26 08:39:06.00 Log entry number 128
129: 2026-05-26 08:39:07.00 Log entry number 129
130: 2026-05-26 08:39:08.00 Log entry number 130
131: 2026-05-26 08:39:09.00 Log entry number 131
132: 2026-05-26 08:39:10.00 Log entry number 132
133: 2026-05-26 08:39:11.00 Log entry number 133
134: 2026-05-26 08:39:12.00 Log entry number 134
135: 2026-05-26 08:39:13.00 Log entry number 135
136: 2026-05-26 08:39:14.00 Log entry number 136
137: 2026-05-26 08:39:15.00 Log entry number 137
138: 2026-05-26 08:39:16.00 Log entry number 138
139: 2026-05-26 08:39:17.00 Log entry number 139
140: 2026-05-26 08:39:18.00 Log entry number 140
141: 2026-05-26 08:39:19.00 Log entry number 141
142: 2026-05-26 08:39:20.00 Log entry number 142
143: 2026-05-26 08:39:21.00 Log entry number 143
144: 2026-05-26 08:39:22.00 Log entry number 144
145: 2026-05-26 08:39:23.00 Log entry number 145
146: 2026-05-26 08:39:24.00 Log entry number 146
147: 2026-05-26 08:39:25.00 Log entry number 147
148: 2026-05-26 08:39:26.00 Log entry number 148
149: 2026-05-26 08:39:27.00 Log entry number 149
150: 2026-05-26 08:39:28.00 Log entry number 150
151: 2026-05-26 08:39:29.00 Log entry number 151
152: 2026-05-26 08:39:30.00 Log entry number 152
153: 2026-05-26 08:39:31.00 Log entry number 153
154: 2026-05-26 08:39:32.00 Log entry number 154
155: 2026-05-26 08:39:33.00 Log entry number 155
156: 2026-05-26 08:39:34.00 Log entry number 156
157: 2026-05-26 08:39:35.00 Log entry number 157
158: 2026-05-26 08:39:36.00 Log entry number 158
159: 2026-05-26 08:39:37.00 Log entry number 159
160: 2026-05-26 08:39:38.00 Log entry number 160
161: 2026-05-26 08:39:39.00 Log entry number 161
162: 2026-05-26 08:39:40.00 Log entry number 162
163: 2026-05-26 08:39:41.00 Log entry number 163
164: 2026-05-26 08:39:42.00 Log entry number 164
165: 2026-05-26 08:39:43.00 Log entry number 165
166: 2026-05-26 08:39:44.00 Log entry number 166
167: 2026-05-26 08:39:45.00 Log entry number 167
168: 2026-05-26 08:39:46.00 Log entry number 168
169: 2026-05-26 08:39:47.00 Log entry number 169
170: 2026-05-26 08:39:48.00 Log entry number 170
171: 2026-05-26 08:39:49.00 Log entry number 171
172: 2026-05-26 08:39:50.00 Log entry number 172
173: 2026-05-26 08:39:51.00 Log entry number 173
174: 2026-05-26 08:39:52.00 Log entry number 174
175: 2026-05-26 08:39:53.00 Log entry number 175
176: 2026-05-26 08:39:54.00 Log entry number 176
177: 2026-05-26 08:39:55.00 Log entry number 177
178: 2026-05-26 08:39:56.00 Log entry number 178
179: 2026-05-26 08:39:57.00 Log entry number 179
180: 2026-05-26 08:39:58.00 Log entry number 180
181: 2026-05-26 08:39:59.00 Log entry number 181
182: 2026-05-26 08:40:00.00 Log entry number 182
183: 2026-05-26 08:40:01.00 Log entry number 183
184: 2026-05-26 08:40:02.00 Log entry number 184
185: 2026-05-26 08:40:03.00 Log entry number 185
186: 2026-05-26 08:40:04.00 Log entry number 186
187: 2026-05-26 08:40:05.00 Log entry number 187
188: 2026-05-26 08:40:06.00 Log entry number 188
189: 2026-05-26 08:40:07.00 Log entry number 189
190: 2026-05-26 08:40:08.00 Log entry number 190
191: 2026-05-26 08:40:09.00 Log entry number 191
192: 2026-05-26 08:40:10.00 Log entry number 192
193: 2026-05-26 08:40:11.00 Log entry number 193
194: 2026-05-26 08:40:12.00 Log entry number 194
195: 2026-05-26 08:40:13.00 Log entry number 195
196: 2026-05-26 08:40:14.00 Log entry number 196
197: 2026-05-26 08:40:15.00 Log entry number 197
198: 2026-05-26 08:40:16.00 Log entry number 198
199: 2026-05-26 08:40:17.00 Log entry number 199
200: 2026-05-26 08:40:18.00 Final log entry number 200